Label WebSocket connected
expiries-v2?symbol=NIFTY50&backfill_days=30:1  Failed to load resource: the server responded with a status of 404 (Not Found)Understand this error
index-Dixm17a4.js:148 [useFoAnalytics] load error Te
s @ index-Dixm17a4.js:148Understand this error
index-Dixm17a4.js:50 Label WebSocket connected
expiries-v2?symbol=NIFTY50&backfill_days=30:1  Failed to load resource: the server responded with a status of 404 (Not Found)Understand this error
index-Dixm17a4.js:148 [useFoAnalytics] load error Te
s @ index-Dixm17a4.js:148Understand this error
expiries-v2?symbol=NIFTY50&backfill_days=30:1  Failed to load resource: the server responded with a status of 404 (Not Found)Understand this error
index-Dixm17a4.js:148 [useFoAnalytics] load error Te
s @ index-Dixm17a4.js:148Understand this error
expiries-v2?symbol=NIFTY50&backfill_days=30:1  Failed to load resource: the server responded with a status of 404 (Not Found)Understand this error
index-Dixm17a4.js:148 [useFoAnalytics] load error Te
s @ index-Dixm17a4.js:148Understand this error
expiries-v2?symbol=NIFTY50&backfill_days=30:1  Failed to load resource: the server responded with a status of 404 (Not Found)Understand this error
index-Dixm17a4.js:148 [useFoAnalytics] load error Te
s @ index-Dixm17a4.js:148Understand this error
expiries-v2?symbol=NIFTY50&backfill_days=30:1  Failed to load resource: the server responded with a status of 404 (Not Found)Understand this error
index-Dixm17a4.js:148 [useFoAnalytics] load error Te
s @ index-Dixm17a4.js:148Understand this error
expiries-v2?symbol=NIFTY50&backfill_days=30:1  Failed to load resource: the server responded with a status of 404 (Not Found)Understand this error
index-Dixm17a4.js:148 [useFoAnalytics] load error Te
s @ index-Dixm17a4.js:148Understand this error
expiries-v2?symbol=NIFTY50&backfill_days=30:1  Failed to load resource: the server responded with a status of 404 (Not Found)Understand this error
index-Dixm17a4.js:148 [useFoAnalytics] load error Te
s @ index-Dixm17a4.js:148Understand this error
expiries-v2?symbol=NIFTY50&backfill_days=30:1  Failed to load resource: the server responded with a status of 404 (Not Found)Understand this error
index-Dixm17a4.js:148 [useFoAnalytics] load error Te
s @ index-Dixm17a4.js:148Understand this error
index-Dixm17a4.js:47  GET http://5.223.52.98/tradingview-api/fo/expiries-v2?symbol=NIFTY50&backfill_days=30 404 (Not Found)
(anonymous) @ index-Dixm17a4.js:47
xhr @ index-Dixm17a4.js:47
EE @ index-Dixm17a4.js:49
_request @ index-Dixm17a4.js:50
request @ index-Dixm17a4.js:49
ba.<computed> @ index-Dixm17a4.js:50
(anonymous) @ index-Dixm17a4.js:45
rve @ index-Dixm17a4.js:120
s @ index-Dixm17a4.js:148Understand this error
index-Dixm17a4.js:148 [useFoAnalytics] load error Te {message: 'Request failed with status code 404', name: 'AxiosError', code: 'ERR_BAD_REQUEST', config: {…}, request: XMLHttpRequest, …}
s @ index-Dixm17a4.js:148Understand this error
index-Dixm17a4.js:47  GET http://5.223.52.98/tradingview-api/fo/expiries-v2?symbol=NIFTY50&backfill_days=30 404 (Not Found)
(anonymous) @ index-Dixm17a4.js:47
xhr @ index-Dixm17a4.js:47
EE @ index-Dixm17a4.js:49
_request @ index-Dixm17a4.js:50
request @ index-Dixm17a4.js:49
ba.<computed> @ index-Dixm17a4.js:50
(anonymous) @ index-Dixm17a4.js:45
rve @ index-Dixm17a4.js:120
s @ index-Dixm17a4.js:148Understand this error
index-Dixm17a4.js:148 [useFoAnalytics] load error Te {message: 'Request failed with status code 404', name: 'AxiosError', code: 'ERR_BAD_REQUEST', config: {…}, request: XMLHttpRequest, …}
s @ index-Dixm17a4.js:148Understand this error
index-Dixm17a4.js:47  GET http://5.223.52.98/tradingview-api/fo/expiries-v2?symbol=NIFTY50&backfill_days=30 404 (Not Found)
(anonymous) @ index-Dixm17a4.js:47
xhr @ index-Dixm17a4.js:47
EE @ index-Dixm17a4.js:49
_request @ index-Dixm17a4.js:50
request @ index-Dixm17a4.js:49
ba.<computed> @ index-Dixm17a4.js:50
(anonymous) @ index-Dixm17a4.js:45
rve @ index-Dixm17a4.js:120
s @ index-Dixm17a4.js:148Understand this error
index-Dixm17a4.js:148 [useFoAnalytics] load error Te {message: 'Request failed with status code 404', name: 'AxiosError', code: 'ERR_BAD_REQUEST', config: {…}, request: XMLHttpRequest, …}
s @ index-Dixm17a4.js:148Understand this error
index-Dixm17a4.js:47  GET http://5.223.52.98/tradingview-api/fo/expiries-v2?symbol=NIFTY50&backfill_days=30 404 (Not Found)
(anonymous) @ index-Dixm17a4.js:47
xhr @ index-Dixm17a4.js:47
EE @ index-Dixm17a4.js:49
_request @ index-Dixm17a4.js:50
request @ index-Dixm17a4.js:49
ba.<computed> @ index-Dixm17a4.js:50
(anonymous) @ index-Dixm17a4.js:45
rve @ index-Dixm17a4.js:120
s @ index-Dixm17a4.js:148Understand this error
index-Dixm17a4.js:148 [useFoAnalytics] load error Te {message: 'Request failed with status code 404', name: 'AxiosError', code: 'ERR_BAD_REQUEST', config: {…}, request: XMLHttpRequest, …}
s @ index-Dixm17a4.js:148Understand this error
index-Dixm17a4.js:47  GET http://5.223.52.98/tradingview-api/fo/expiries-v2?symbol=NIFTY50&backfill_days=30 404 (Not Found)
(anonymous) @ index-Dixm17a4.js:47
xhr @ index-Dixm17a4.js:47
EE @ index-Dixm17a4.js:49
_request @ index-Dixm17a4.js:50
request @ index-Dixm17a4.js:49
ba.<computed> @ index-Dixm17a4.js:50
(anonymous) @ index-Dixm17a4.js:45
rve @ index-Dixm17a4.js:120
s @ index-Dixm17a4.js:148Understand this error
index-Dixm17a4.js:148 [useFoAnalytics] load error Te {message: 'Request failed with status code 404', name: 'AxiosError', code: 'ERR_BAD_REQUEST', config: {…}, request: XMLHttpRequest, …}
s @ index-Dixm17a4.js:148Understand this error
index-Dixm17a4.js:47  GET http://5.223.52.98/tradingview-api/fo/expiries-v2?symbol=NIFTY50&backfill_days=30 404 (Not Found)
(anonymous) @ index-Dixm17a4.js:47
xhr @ index-Dixm17a4.js:47
EE @ index-Dixm17a4.js:49
_request @ index-Dixm17a4.js:50
request @ index-Dixm17a4.js:49
ba.<computed> @ index-Dixm17a4.js:50
(anonymous) @ index-Dixm17a4.js:45
rve @ index-Dixm17a4.js:120
s @ index-Dixm17a4.js:148Understand this error
index-Dixm17a4.js:148 [useFoAnalytics] load error Te {message: 'Request failed with status code 404', name: 'AxiosError', code: 'ERR_BAD_REQUEST', config: {…}, request: XMLHttpRequest, …}
s @ index-Dixm17a4.js:148Understand this error
index-Dixm17a4.js:47  GET http://5.223.52.98/tradingview-api/fo/expiries-v2?symbol=NIFTY50&backfill_days=30 404 (Not Found)
(anonymous) @ index-Dixm17a4.js:47
xhr @ index-Dixm17a4.js:47
EE @ index-Dixm17a4.js:49
_request @ index-Dixm17a4.js:50
request @ index-Dixm17a4.js:49
ba.<computed> @ index-Dixm17a4.js:50
(anonymous) @ index-Dixm17a4.js:45
rve @ index-Dixm17a4.js:120
s @ index-Dixm17a4.js:148Understand this error
index-Dixm17a4.js:148 [useFoAnalytics] load error Te {message: 'Request failed with status code 404', name: 'AxiosError', code: 'ERR_BAD_REQUEST', config: {…}, request: XMLHttpRequest, …}
s @ index-Dixm17a4.js:148Understand this error
index-Dixm17a4.js:47  GET http://5.223.52.98/tradingview-api/fo/expiries-v2?symbol=NIFTY50&backfill_days=30 404 (Not Found)
(anonymous) @ index-Dixm17a4.js:47
xhr @ index-Dixm17a4.js:47
EE @ index-Dixm17a4.js:49
_request @ index-Dixm17a4.js:50
request @ index-Dixm17a4.js:49
ba.<computed> @ index-Dixm17a4.js:50
(anonymous) @ index-Dixm17a4.js:45
rve @ index-Dixm17a4.js:120
s @ index-Dixm17a4.js:148Understand this error
index-Dixm17a4.js:148 [useFoAnalytics] load error Te {message: 'Request failed with status code 404', name: 'AxiosError', code: 'ERR_BAD_REQUEST', config: {…}, request: XMLHttpRequest, …}
s @ index-Dixm17a4.js:148Understand this error
index-Dixm17a4.js:47  GET http://5.223.52.98/tradingview-api/fo/expiries-v2?symbol=NIFTY50&backfill_days=30 404 (Not Found)
(anonymous) @ index-Dixm17a4.js:47
xhr @ index-Dixm17a4.js:47
EE @ index-Dixm17a4.js:49
_request @ index-Dixm17a4.js:50
request @ index-Dixm17a4.js:49
ba.<computed> @ index-Dixm17a4.js:50
(anonymous) @ index-Dixm17a4.js:45
rve @ index-Dixm17a4.js:120
s @ index-Dixm17a4.js:148Understand this error
index-Dixm17a4.js:148 [useFoAnalytics] load error Te {message: 'Request failed with status code 404', name: 'AxiosError', code: 'ERR_BAD_REQUEST', config: {…}, request: XMLHttpRequest, …}
s @ index-Dixm17a4.js:148Understand this error
index-Dixm17a4.js:47  GET http://5.223.52.98/tradingview-api/fo/expiries-v2?symbol=NIFTY50&backfill_days=30 404 (Not Found)
(anonymous) @ index-Dixm17a4.js:47
xhr @ index-Dixm17a4.js:47
EE @ index-Dixm17a4.js:49
_request @ index-Dixm17a4.js:50
request @ index-Dixm17a4.js:49
ba.<computed> @ index-Dixm17a4.js:50
(anonymous) @ index-Dixm17a4.js:45
rve @ index-Dixm17a4.js:120
s @ index-Dixm17a4.js:148Understand this error
index-Dixm17a4.js:148 [useFoAnalytics] load error Te {message: 'Request failed with status code 404', name: 'AxiosError', code: 'ERR_BAD_REQUEST', config: {…}, request: XMLHttpRequest, …}
s @ index-Dixm17a4.js:148Understand this error
index-Dixm17a4.js:47  GET http://5.223.52.98/tradingview-api/fo/expiries-v2?symbol=NIFTY50&backfill_days=30 404 (Not Found)
(anonymous) @ index-Dixm17a4.js:47
xhr @ index-Dixm17a4.js:47
EE @ index-Dixm17a4.js:49
_request @ index-Dixm17a4.js:50
request @ index-Dixm17a4.js:49
ba.<computed> @ index-Dixm17a4.js:50
(anonymous) @ index-Dixm17a4.js:45
rve @ index-Dixm17a4.js:120
s @ index-Dixm17a4.js:148Understand this error
index-Dixm17a4.js:148 [useFoAnalytics] load error Te {message: 'Request failed with status code 404', name: 'AxiosError', code: 'ERR_BAD_REQUEST', config: {…}, request: XMLHttpRequest, …}
s @ index-Dixm17a4.js:148Understand this error
index-Dixm17a4.js:47  GET http://5.223.52.98/tradingview-api/fo/expiries-v2?symbol=NIFTY50&backfill_days=30 404 (Not Found)
(anonymous) @ index-Dixm17a4.js:47
xhr @ index-Dixm17a4.js:47
EE @ index-Dixm17a4.js:49
_request @ index-Dixm17a4.js:50
request @ index-Dixm17a4.js:49
ba.<computed> @ index-Dixm17a4.js:50
(anonymous) @ index-Dixm17a4.js:45
rve @ index-Dixm17a4.js:120
s @ index-Dixm17a4.js:148Understand this error
index-Dixm17a4.js:148 [useFoAnalytics] load error Te {message: 'Request failed with status code 404', name: 'AxiosError', code: 'ERR_BAD_REQUEST', config: {…}, request: XMLHttpRequest, …}
s @ index-Dixm17a4.js:148Understand this error
index-Dixm17a4.js:47  GET http://5.223.52.98/tradingview-api/fo/expiries-v2?symbol=NIFTY50&backfill_days=30 404 (Not Found)
(anonymous) @ index-Dixm17a4.js:47
xhr @ index-Dixm17a4.js:47
EE @ index-Dixm17a4.js:49
_request @ index-Dixm17a4.js:50
request @ index-Dixm17a4.js:49
ba.<computed> @ index-Dixm17a4.js:50
(anonymous) @ index-Dixm17a4.js:45
rve @ index-Dixm17a4.js:120
s @ index-Dixm17a4.js:148Understand this error
index-Dixm17a4.js:148 [useFoAnalytics] load error Te {message: 'Request failed with status code 404', name: 'AxiosError', code: 'ERR_BAD_REQUEST', config: {…}, request: XMLHttpRequest, …}
s @ index-Dixm17a4.js:148Understand this error
index-Dixm17a4.js:47  GET http://5.223.52.98/tradingview-api/fo/expiries-v2?symbol=NIFTY50&backfill_days=30 404 (Not Found)
(anonymous) @ index-Dixm17a4.js:47
xhr @ index-Dixm17a4.js:47
EE @ index-Dixm17a4.js:49
_request @ index-Dixm17a4.js:50
request @ index-Dixm17a4.js:49
ba.<computed> @ index-Dixm17a4.js:50
(anonymous) @ index-Dixm17a4.js:45
rve @ index-Dixm17a4.js:120
s @ index-Dixm17a4.js:148Understand this error
index-Dixm17a4.js:148 [useFoAnalytics] load error Te {message: 'Request failed with status code 404', name: 'AxiosError', code: 'ERR_BAD_REQUEST', config: {…}, request: XMLHttpRequest, …}
s @ index-Dixm17a4.js:148Understand this error
index-Dixm17a4.js:47  GET http://5.223.52.98/tradingview-api/fo/expiries-v2?symbol=NIFTY50&backfill_days=30 404 (Not Found)
(anonymous) @ index-Dixm17a4.js:47
xhr @ index-Dixm17a4.js:47
EE @ index-Dixm17a4.js:49
_request @ index-Dixm17a4.js:50
request @ index-Dixm17a4.js:49
ba.<computed> @ index-Dixm17a4.js:50
(anonymous) @ index-Dixm17a4.js:45
rve @ index-Dixm17a4.js:120
s @ index-Dixm17a4.js:148Understand this error
index-Dixm17a4.js:148 [useFoAnalytics] load error Te {message: 'Request failed with status code 404', name: 'AxiosError', code: 'ERR_BAD_REQUEST', config: {…}, request: XMLHttpRequest, …}
s @ index-Dixm17a4.js:148Understand this error
index-Dixm17a4.js:47  GET http://5.223.52.98/tradingview-api/fo/expiries-v2?symbol=NIFTY50&backfill_days=30 404 (Not Found)
(anonymous) @ index-Dixm17a4.js:47
xhr @ index-Dixm17a4.js:47
EE @ index-Dixm17a4.js:49
_request @ index-Dixm17a4.js:50
request @ index-Dixm17a4.js:49
ba.<computed> @ index-Dixm17a4.js:50
(anonymous) @ index-Dixm17a4.js:45
rve @ index-Dixm17a4.js:120
s @ index-Dixm17a4.js:148Understand this error
index-Dixm17a4.js:148 [useFoAnalytics] load error Te {message: 'Request failed with status code 404', name: 'AxiosError', code: 'ERR_BAD_REQUEST', config: {…}, request: XMLHttpRequest, …}
s @ index-Dixm17a4.js:148Understand this error
index-Dixm17a4.js:47  GET http://5.223.52.98/tradingview-api/fo/expiries-v2?symbol=NIFTY50&backfill_days=30 404 (Not Found)
(anonymous) @ index-Dixm17a4.js:47
xhr @ index-Dixm17a4.js:47
EE @ index-Dixm17a4.js:49
_request @ index-Dixm17a4.js:50
request @ index-Dixm17a4.js:49
ba.<computed> @ index-Dixm17a4.js:50
(anonymous) @ index-Dixm17a4.js:45
rve @ index-Dixm17a4.js:120
s @ index-Dixm17a4.js:148Understand this error
index-Dixm17a4.js:148 [useFoAnalytics] load error Te {message: 'Request failed with status code 404', name: 'AxiosError', code: 'ERR_BAD_REQUEST', config: {…}, request: XMLHttpRequest, …}